Command line invocation:
    /Applications/Xcode.app/Contents/Developer/usr/bin/xcodebuild test "-only-testing:DashboardReview/DashboardReview/testLaunchIconActions" -project /tmp/xot-launch-icon-review-v6/native/DashboardReview.xcodeproj -scheme DashboardReview -destination "platform=iOS Simulator,id=704E411B-176B-40F8-AA05-BE0513B87C6D" -derivedDataPath /tmp/xot-launch-icon-review-v6/native/build -parallel-testing-enabled NO -resultBundlePath /tmp/xot-launch-icon-review-v6/390-de-dark.xcresult

Writing result bundle at path:
	/tmp/xot-launch-icon-review-v6/390-de-dark.xcresult

ComputePackagePrebuildTargetDependencyGraph

Prepare packages

CreateBuildRequest

SendProjectDescription

CreateBuildOperation

ComputeTargetDependencyGraph
note: Building targets in dependency order
note: Target dependency graph (1 target)
    Target 'DashboardReview' in project 'DashboardReview' (no dependencies)

GatherProvisioningInputs

CreateBuildDescription

ExecuteExternalTool /Applications/Xcode.app/Contents/Developer/Toolchains/XcodeDefault.xctoolchain/usr/bin/clang -v -E -dM -isysroot /Applications/Xcode.app/Contents/Developer/Platforms/iPhoneSimulator.platform/Developer/SDKs/iPhoneSimulator26.5.sdk -x c -c /dev/null

ExecuteExternalTool /Applications/Xcode.app/Contents/Developer/Toolchains/XcodeDefault.xctoolchain/usr/bin/swiftc --version

ExecuteExternalTool /Applications/Xcode.app/Contents/Developer/Toolchains/XcodeDefault.xctoolchain/usr/bin/ld -version_details

Build description signature: 823b4100624af3adcd2f4e77b87b97dd
Build description path: /tmp/xot-launch-icon-review-v6/native/build/Build/Intermediates.noindex/XCBuildData/823b4100624af3adcd2f4e77b87b97dd.xcbuilddata
CreateBuildDirectory /tmp/xot-launch-icon-review-v6/native/build/Build/Products
    cd /tmp/xot-launch-icon-review-v6/native/DashboardReview.xcodeproj
    builtin-create-build-directory /tmp/xot-launch-icon-review-v6/native/build/Build/Products

CreateBuildDirectory /tmp/xot-launch-icon-review-v6/native/build/Build/Intermediates.noindex
    cd /tmp/xot-launch-icon-review-v6/native/DashboardReview.xcodeproj
    builtin-create-build-directory /tmp/xot-launch-icon-review-v6/native/build/Build/Intermediates.noindex

ClangStatCache /Applications/Xcode.app/Contents/Developer/Toolchains/XcodeDefault.xctoolchain/usr/bin/clang-stat-cache /Applications/Xcode.app/Contents/Developer/Platforms/iPhoneSimulator.platform/Developer/SDKs/iPhoneSimulator26.5.sdk /tmp/xot-launch-icon-review-v6/native/build/SDKStatCaches.noindex/iphonesimulator26.5-23F81a-6cfe768891a92b912361537c460fe42b.sdkstatcache
    cd /tmp/xot-launch-icon-review-v6/native/DashboardReview.xcodeproj
    /Applications/Xcode.app/Contents/Developer/Toolchains/XcodeDefault.xctoolchain/usr/bin/clang-stat-cache /Applications/Xcode.app/Contents/Developer/Platforms/iPhoneSimulator.platform/Developer/SDKs/iPhoneSimulator26.5.sdk -o /tmp/xot-launch-icon-review-v6/native/build/SDKStatCaches.noindex/iphonesimulator26.5-23F81a-6cfe768891a92b912361537c460fe42b.sdkstatcache

CreateBuildDirectory /tmp/xot-launch-icon-review-v6/native/build/Build/Intermediates.noindex/SwiftExplicitPrecompiledModules
    cd /tmp/xot-launch-icon-review-v6/native/DashboardReview.xcodeproj
    builtin-create-build-directory /tmp/xot-launch-icon-review-v6/native/build/Build/Intermediates.noindex/SwiftExplicitPrecompiledModules

CreateBuildDirectory /tmp/xot-launch-icon-review-v6/native/build/Build/Intermediates.noindex/ExplicitPrecompiledModules
    cd /tmp/xot-launch-icon-review-v6/native/DashboardReview.xcodeproj
    builtin-create-build-directory /tmp/xot-launch-icon-review-v6/native/build/Build/Intermediates.noindex/ExplicitPrecompiledModules

CreateBuildDirectory /tmp/xot-launch-icon-review-v6/native/build/Build/Intermediates.noindex/EagerLinkingTBDs/Debug-iphonesimulator
    cd /tmp/xot-launch-icon-review-v6/native/DashboardReview.xcodeproj
    builtin-create-build-directory /tmp/xot-launch-icon-review-v6/native/build/Build/Intermediates.noindex/EagerLinkingTBDs/Debug-iphonesimulator

CreateBuildDirectory /tmp/xot-launch-icon-review-v6/native/build/Build/Products/Debug-iphonesimulator
    cd /tmp/xot-launch-icon-review-v6/native/DashboardReview.xcodeproj
    builtin-create-build-directory /tmp/xot-launch-icon-review-v6/native/build/Build/Products/Debug-iphonesimulator

WriteAuxiliaryFile /tmp/xot-launch-icon-review-v6/native/build/Build/Intermediates.noindex/DashboardReview.build/Debug-iphonesimulator/DashboardReview-0e4d17a5cf69f7b01eddae02d983ec25-VFS-iphonesimulator/all-product-headers.yaml
    cd /tmp/xot-launch-icon-review-v6/native/DashboardReview.xcodeproj
    write-file /tmp/xot-launch-icon-review-v6/native/build/Build/Intermediates.noindex/DashboardReview.build/Debug-iphonesimulator/DashboardReview-0e4d17a5cf69f7b01eddae02d983ec25-VFS-iphonesimulator/all-product-headers.yaml

WriteAuxiliaryFile /tmp/xot-launch-icon-review-v6/native/build/Build/Intermediates.noindex/DashboardReview.build/Debug-iphonesimulator/DashboardReview.build/empty-DashboardReview.plist (in target 'DashboardReview' from project 'DashboardReview')
    cd /tmp/xot-launch-icon-review-v6/native
    write-file /tmp/xot-launch-icon-review-v6/native/build/Build/Intermediates.noindex/DashboardReview.build/Debug-iphonesimulator/DashboardReview.build/empty-DashboardReview.plist

WriteAuxiliaryFile /tmp/xot-launch-icon-review-v6/native/build/Build/Intermediates.noindex/DashboardReview.build/Debug-iphonesimulator/DashboardReview.build/ProductTypeInfoPlistAdditions.plist (in target 'DashboardReview' from project 'DashboardReview')
    cd /tmp/xot-launch-icon-review-v6/native
    write-file /tmp/xot-launch-icon-review-v6/native/build/Build/Intermediates.noindex/DashboardReview.build/Debug-iphonesimulator/DashboardReview.build/ProductTypeInfoPlistAdditions.plist

WriteAuxiliaryFile /tmp/xot-launch-icon-review-v6/native/build/Build/Intermediates.noindex/DashboardReview.build/Debug-iphonesimulator/DashboardReview.build/DashboardReview.hmap (in target 'DashboardReview' from project 'DashboardReview')
    cd /tmp/xot-launch-icon-review-v6/native
    write-file /tmp/xot-launch-icon-review-v6/native/build/Build/Intermediates.noindex/DashboardReview.build/Debug-iphonesimulator/DashboardReview.build/DashboardReview.hmap

WriteAuxiliaryFile /tmp/xot-launch-icon-review-v6/native/build/Build/Intermediates.noindex/DashboardReview.build/Debug-iphonesimulator/DashboardReview.build/DashboardReview-project-headers.hmap (in target 'DashboardReview' from project 'DashboardReview')
    cd /tmp/xot-launch-icon-review-v6/native
    write-file /tmp/xot-launch-icon-review-v6/native/build/Build/Intermediates.noindex/DashboardReview.build/Debug-iphonesimulator/DashboardReview.build/DashboardReview-project-headers.hmap

WriteAuxiliaryFile /tmp/xot-launch-icon-review-v6/native/build/Build/Intermediates.noindex/DashboardReview.build/Debug-iphonesimulator/DashboardReview.build/DashboardReview-own-target-headers.hmap (in target 'DashboardReview' from project 'DashboardReview')
    cd /tmp/xot-launch-icon-review-v6/native
    write-file /tmp/xot-launch-icon-review-v6/native/build/Build/Intermediates.noindex/DashboardReview.build/Debug-iphonesimulator/DashboardReview.build/DashboardReview-own-target-headers.hmap

WriteAuxiliaryFile /tmp/xot-launch-icon-review-v6/native/build/Build/Intermediates.noindex/DashboardReview.build/Debug-iphonesimulator/DashboardReview.build/DashboardReview-generated-files.hmap (in target 'DashboardReview' from project 'DashboardReview')
    cd /tmp/xot-launch-icon-review-v6/native
    write-file /tmp/xot-launch-icon-review-v6/native/build/Build/Intermediates.noindex/DashboardReview.build/Debug-iphonesimulator/DashboardReview.build/DashboardReview-generated-files.hmap

WriteAuxiliaryFile /tmp/xot-launch-icon-review-v6/native/build/Build/Intermediates.noindex/DashboardReview.build/Debug-iphonesimulator/DashboardReview.build/DashboardReview-all-non-framework-target-headers.hmap (in target 'DashboardReview' from project 'DashboardReview')
    cd /tmp/xot-launch-icon-review-v6/native
    write-file /tmp/xot-launch-icon-review-v6/native/build/Build/Intermediates.noindex/DashboardReview.build/Debug-iphonesimulator/DashboardReview.build/DashboardReview-all-non-framework-target-headers.hmap

WriteAuxiliaryFile /tmp/xot-launch-icon-review-v6/native/build/Build/Intermediates.noindex/DashboardReview.build/Debug-iphonesimulator/DashboardReview.build/DashboardReview-all-target-headers.hmap (in target 'DashboardReview' from project 'DashboardReview')
    cd /tmp/xot-launch-icon-review-v6/native
    write-file /tmp/xot-launch-icon-review-v6/native/build/Build/Intermediates.noindex/DashboardReview.build/Debug-iphonesimulator/DashboardReview.build/DashboardReview-all-target-headers.hmap

WriteAuxiliaryFile /tmp/xot-launch-icon-review-v6/native/build/Build/Intermediates.noindex/DashboardReview.build/Debug-iphonesimulator/DashboardReview.build/Objects-normal/arm64/DashboardReview_const_extract_protocols.json (in target 'DashboardReview' from project 'DashboardReview')
    cd /tmp/xot-launch-icon-review-v6/native
    write-file /tmp/xot-launch-icon-review-v6/native/build/Build/Intermediates.noindex/DashboardReview.build/Debug-iphonesimulator/DashboardReview.build/Objects-normal/arm64/DashboardReview_const_extract_protocols.json

WriteAuxiliaryFile /tmp/xot-launch-icon-review-v6/native/build/Build/Intermediates.noindex/DashboardReview.build/Debug-iphonesimulator/DashboardReview.build/Objects-normal/arm64/DashboardReview-OutputFileMap.json (in target 'DashboardReview' from project 'DashboardReview')
    cd /tmp/xot-launch-icon-review-v6/native
    write-file /tmp/xot-launch-icon-review-v6/native/build/Build/Intermediates.noindex/DashboardReview.build/Debug-iphonesimulator/DashboardReview.build/Objects-normal/arm64/DashboardReview-OutputFileMap.json

WriteAuxiliaryFile /tmp/xot-launch-icon-review-v6/native/build/Build/Intermediates.noindex/DashboardReview.build/Debug-iphonesimulator/DashboardReview.build/Objects-normal/arm64/DashboardReview.SwiftConstValuesFileList (in target 'DashboardReview' from project 'DashboardReview')
    cd /tmp/xot-launch-icon-review-v6/native
    write-file /tmp/xot-launch-icon-review-v6/native/build/Build/Intermediates.noindex/DashboardReview.build/Debug-iphonesimulator/DashboardReview.build/Objects-normal/arm64/DashboardReview.SwiftConstValuesFileList

WriteAuxiliaryFile /tmp/xot-launch-icon-review-v6/native/build/Build/Intermediates.noindex/DashboardReview.build/Debug-iphonesimulator/DashboardReview.build/Objects-normal/arm64/DashboardReview.SwiftFileList (in target 'DashboardReview' from project 'DashboardReview')
    cd /tmp/xot-launch-icon-review-v6/native
    write-file /tmp/xot-launch-icon-review-v6/native/build/Build/Intermediates.noindex/DashboardReview.build/Debug-iphonesimulator/DashboardReview.build/Objects-normal/arm64/DashboardReview.SwiftFileList

WriteAuxiliaryFile /tmp/xot-launch-icon-review-v6/native/build/Build/Intermediates.noindex/DashboardReview.build/Debug-iphonesimulator/DashboardReview.build/DashboardReview.DependencyStaticMetadataFileList (in target 'DashboardReview' from project 'DashboardReview')
    cd /tmp/xot-launch-icon-review-v6/native
    write-file /tmp/xot-launch-icon-review-v6/native/build/Build/Intermediates.noindex/DashboardReview.build/Debug-iphonesimulator/DashboardReview.build/DashboardReview.DependencyStaticMetadataFileList

WriteAuxiliaryFile /tmp/xot-launch-icon-review-v6/native/build/Build/Intermediates.noindex/DashboardReview.build/Debug-iphonesimulator/DashboardReview.build/DashboardReview.DependencyMetadataFileList (in target 'DashboardReview' from project 'DashboardReview')
    cd /tmp/xot-launch-icon-review-v6/native
    write-file /tmp/xot-launch-icon-review-v6/native/build/Build/Intermediates.noindex/DashboardReview.build/Debug-iphonesimulator/DashboardReview.build/DashboardReview.DependencyMetadataFileList

WriteAuxiliaryFile /tmp/xot-launch-icon-review-v6/native/build/Build/Intermediates.noindex/DashboardReview.build/Debug-iphonesimulator/DashboardReview.build/Objects-normal/arm64/DashboardReview.LinkFileList (in target 'DashboardReview' from project 'DashboardReview')
    cd /tmp/xot-launch-icon-review-v6/native
    write-file /tmp/xot-launch-icon-review-v6/native/build/Build/Intermediates.noindex/DashboardReview.build/Debug-iphonesimulator/DashboardReview.build/Objects-normal/arm64/DashboardReview.LinkFileList

MkDir /tmp/xot-launch-icon-review-v6/native/build/Build/Products/Debug-iphonesimulator/DashboardReview-Runner.app/PlugIns/DashboardReview.xctest (in target 'DashboardReview' from project 'DashboardReview')
    cd /tmp/xot-launch-icon-review-v6/native
    /bin/mkdir -p /tmp/xot-launch-icon-review-v6/native/build/Build/Products/Debug-iphonesimulator/DashboardReview-Runner.app/PlugIns/DashboardReview.xctest

ProcessInfoPlistFile /tmp/xot-launch-icon-review-v6/native/build/Build/Products/Debug-iphonesimulator/DashboardReview-Runner.app/PlugIns/DashboardReview.xctest/Info.plist /tmp/xot-launch-icon-review-v6/native/build/Build/Intermediates.noindex/DashboardReview.build/Debug-iphonesimulator/DashboardReview.build/empty-DashboardReview.plist (in target 'DashboardReview' from project 'DashboardReview')
    cd /tmp/xot-launch-icon-review-v6/native
    builtin-infoPlistUtility /tmp/xot-launch-icon-review-v6/native/build/Build/Intermediates.noindex/DashboardReview.build/Debug-iphonesimulator/DashboardReview.build/empty-DashboardReview.plist -producttype com.apple.product-type.bundle.ui-testing -expandbuildsettings -format binary -platform iphonesimulator -additionalcontentfile /tmp/xot-launch-icon-review-v6/native/build/Build/Intermediates.noindex/DashboardReview.build/Debug-iphonesimulator/DashboardReview.build/ProductTypeInfoPlistAdditions.plist -o /tmp/xot-launch-icon-review-v6/native/build/Build/Products/Debug-iphonesimulator/DashboardReview-Runner.app/PlugIns/DashboardReview.xctest/Info.plist

SwiftDriver DashboardReview normal arm64 com.apple.xcode.tools.swift.compiler (in target 'DashboardReview' from project 'DashboardReview')
    cd /tmp/xot-launch-icon-review-v6/native
    builtin-SwiftDriver -- /Applications/Xcode.app/Contents/Developer/Toolchains/XcodeDefault.xctoolchain/usr/bin/swiftc -module-name DashboardReview -Onone @/tmp/xot-launch-icon-review-v6/native/build/Build/Intermediates.noindex/DashboardReview.build/Debug-iphonesimulator/DashboardReview.build/Objects-normal/arm64/DashboardReview.SwiftFileList -DDEBUG -module-alias Testing\=_Testing_Unavailable -plugin-path /Applications/Xcode.app/Contents/Developer/Toolchains/XcodeDefault.xctoolchain/usr/lib/swift/host/plugins/testing -enable-bare-slash-regex -enable-experimental-feature DebugDescriptionMacro -sdk /Applications/Xcode.app/Contents/Developer/Platforms/iPhoneSimulator.platform/Developer/SDKs/iPhoneSimulator26.5.sdk -target arm64-apple-ios17.0-simulator -g -module-cache-path /tmp/xot-launch-icon-review-v6/native/build/ModuleCache.noindex -Xfrontend -serialize-debugging-options -enable-testing -index-store-path /tmp/xot-launch-icon-review-v6/native/build/Index.noindex/DataStore -Xcc -D_LIBCPP_HARDENING_MODE\=_LIBCPP_HARDENING_MODE_DEBUG -swift-version 5 -I /tmp/xot-launch-icon-review-v6/native/build/Build/Products/Debug-iphonesimulator -Isystem /Applications/Xcode.app/Contents/Developer/Platforms/iPhoneSimulator.platform/Developer/usr/lib -F /tmp/xot-launch-icon-review-v6/native/build/Build/Products/Debug-iphonesimulator -F /Applications/Xcode.app/Contents/Developer/Platforms/iPhoneSimulator.platform/Developer/Library/Frameworks -F /Applications/Xcode.app/Contents/Developer/Platforms/iPhoneSimulator.platform/Developer/SDKs/iPhoneSimulator26.5.sdk/Developer/Library/Frameworks -parse-as-library -c -j32 -enable-batch-mode -incremental -Xcc -ivfsstatcache -Xcc /tmp/xot-launch-icon-review-v6/native/build/SDKStatCaches.noindex/iphonesimulator26.5-23F81a-6cfe768891a92b912361537c460fe42b.sdkstatcache -output-file-map /tmp/xot-launch-icon-review-v6/native/build/Build/Intermediates.noindex/DashboardReview.build/Debug-iphonesimulator/DashboardReview.build/Objects-normal/arm64/DashboardReview-OutputFileMap.json -use-frontend-parseable-output -save-temps -no-color-diagnostics -explicit-module-build -module-cache-path /tmp/xot-launch-icon-review-v6/native/build/Build/Intermediates.noindex/SwiftExplicitPrecompiledModules -clang-scanner-module-cache-path /tmp/xot-launch-icon-review-v6/native/build/ModuleCache.noindex -sdk-module-cache-path /tmp/xot-launch-icon-review-v6/native/build/ModuleCache.noindex -serialize-diagnostics -emit-dependencies -emit-module -emit-module-path /tmp/xot-launch-icon-review-v6/native/build/Build/Intermediates.noindex/DashboardReview.build/Debug-iphonesimulator/DashboardReview.build/Objects-normal/arm64/DashboardReview.swiftmodule -validate-clang-modules-once -clang-build-session-file /tmp/xot-launch-icon-review-v6/native/build/ModuleCache.noindex/Session.modulevalidation -Xcc -I/tmp/xot-launch-icon-review-v6/native/build/Build/Intermediates.noindex/DashboardReview.build/Debug-iphonesimulator/DashboardReview.build/swift-overrides.hmap -emit-const-values -Xfrontend -const-gather-protocols-file -Xfrontend /tmp/xot-launch-icon-review-v6/native/build/Build/Intermediates.noindex/DashboardReview.build/Debug-iphonesimulator/DashboardReview.build/Objects-normal/arm64/DashboardReview_const_extract_protocols.json -Xcc -iquote -Xcc /tmp/xot-launch-icon-review-v6/native/build/Build/Intermediates.noindex/DashboardReview.build/Debug-iphonesimulator/DashboardReview.build/DashboardReview-generated-files.hmap -Xcc -I/tmp/xot-launch-icon-review-v6/native/build/Build/Intermediates.noindex/DashboardReview.build/Debug-iphonesimulator/DashboardReview.build/DashboardReview-own-target-headers.hmap -Xcc -I/tmp/xot-launch-icon-review-v6/native/build/Build/Intermediates.noindex/DashboardReview.build/Debug-iphonesimulator/DashboardReview.build/DashboardReview-all-target-headers.hmap -Xcc -iquote -Xcc /tmp/xot-launch-icon-review-v6/native/build/Build/Intermediates.noindex/DashboardReview.build/Debug-iphonesimulator/DashboardReview.build/DashboardReview-project-headers.hmap -Xcc -I/tmp/xot-launch-icon-review-v6/native/build/Build/Products/Debug-iphonesimulator/include -Xcc -I/tmp/xot-launch-icon-review-v6/native/build/Build/Intermediates.noindex/DashboardReview.build/Debug-iphonesimulator/DashboardReview.build/DerivedSources-normal/arm64 -Xcc -I/tmp/xot-launch-icon-review-v6/native/build/Build/Intermediates.noindex/DashboardReview.build/Debug-iphonesimulator/DashboardReview.build/DerivedSources/arm64 -Xcc -I/tmp/xot-launch-icon-review-v6/native/build/Build/Intermediates.noindex/DashboardReview.build/Debug-iphonesimulator/DashboardReview.build/DerivedSources -Xcc -DDEBUG\=1 -emit-objc-header -emit-objc-header-path /tmp/xot-launch-icon-review-v6/native/build/Build/Intermediates.noindex/DashboardReview.build/Debug-iphonesimulator/DashboardReview.build/Objects-normal/arm64/DashboardReview-Swift.h -working-directory /tmp/xot-launch-icon-review-v6/native -experimental-emit-module-separately -disable-cmo

SwiftExplicitDependencyGeneratePcm arm64 /tmp/xot-launch-icon-review-v6/native/build/ModuleCache.noindex/ptrauth-ATEQCI05QIRLIW6JCO5CY2WLD.pcm

SwiftExplicitDependencyGeneratePcm arm64 /tmp/xot-launch-icon-review-v6/native/build/ModuleCache.noindex/ptrcheck-DPFTS3WT304YAZ9YK02UB2Q7P.pcm

SwiftExplicitDependencyGeneratePcm arm64 /tmp/xot-launch-icon-review-v6/native/build/ModuleCache.noindex/_SwiftConcurrencyShims-EYVJULSW2U1GDHRPF845CDNMG.pcm

SwiftExplicitDependencyGeneratePcm arm64 /tmp/xot-launch-icon-review-v6/native/build/ModuleCache.noindex/DeveloperToolsSupport-1XBJ3AGV97NNPGQ8B0HF4XRT9.pcm

SwiftExplicitDependencyGeneratePcm arm64 /tmp/xot-launch-icon-review-v6/native/build/ModuleCache.noindex/_Builtin_stddef-DFFE8EPLB0DD8OHRQ4YIDO7JK.pcm

SwiftExplicitDependencyGeneratePcm arm64 /tmp/xot-launch-icon-review-v6/native/build/ModuleCache.noindex/_AvailabilityInternal-2J8AXU7G5A0NMFP4WS457O57X.pcm

SwiftExplicitDependencyGeneratePcm arm64 /tmp/xot-launch-icon-review-v6/native/build/ModuleCache.noindex/_Builtin_float-7C2G79UKB4K7EPRBC2F09NHGL.pcm

SwiftExplicitDependencyGeneratePcm arm64 /tmp/xot-launch-icon-review-v6/native/build/ModuleCache.noindex/_Builtin_stdarg-70G3VKOLR4X3U2Q8K7U1239R8.pcm

SwiftExplicitDependencyGeneratePcm arm64 /tmp/xot-launch-icon-review-v6/native/build/ModuleCache.noindex/SwiftShims-8VURYBH9AZ1LD43HPSNWA3T45.pcm

SwiftExplicitDependencyGeneratePcm arm64 /tmp/xot-launch-icon-review-v6/native/build/ModuleCache.noindex/_Builtin_stdbool-JOSS1EFUWO4D7CTFBXVCV3AJ.pcm

SwiftExplicitDependencyGeneratePcm arm64 /tmp/xot-launch-icon-review-v6/native/build/ModuleCache.noindex/_DarwinFoundation1-5FX6UKADGMU3NRV0G5SH4HX6Y.pcm

SwiftExplicitDependencyGeneratePcm arm64 /tmp/xot-launch-icon-review-v6/native/build/ModuleCache.noindex/_DarwinFoundation2-ALBHKR0BXJM5SY302J2FU4T2H.pcm

SwiftExplicitDependencyGeneratePcm arm64 /tmp/xot-launch-icon-review-v6/native/build/ModuleCache.noindex/_Builtin_limits-8KC16ELGCPK8Q0KOTEEFMDPSH.pcm

SwiftExplicitDependencyGeneratePcm arm64 /tmp/xot-launch-icon-review-v6/native/build/ModuleCache.noindex/sys_types-383AH56KH6PLI7PAH6MTX5XM9.pcm

SwiftExplicitDependencyGeneratePcm arm64 /tmp/xot-launch-icon-review-v6/native/build/ModuleCache.noindex/_Builtin_tgmath-372Z0MOCXS6E6UXJUCTP098R5.pcm

SwiftExplicitDependencyGeneratePcm arm64 /tmp/xot-launch-icon-review-v6/native/build/ModuleCache.noindex/_Builtin_stdint-34Y86HUAGLYXS0JC6SPU1XMMV.pcm

SwiftExplicitDependencyGeneratePcm arm64 /tmp/xot-launch-icon-review-v6/native/build/ModuleCache.noindex/_DarwinFoundation3-16BR8CGHWLXIOMX7CCRD66LG2.pcm

SwiftExplicitDependencyGeneratePcm arm64 /tmp/xot-launch-icon-review-v6/native/build/ModuleCache.noindex/_Builtin_stdatomic-5WM1QM6YF8YZ2C7WTTA0S63EB.pcm

SwiftExplicitDependencyGeneratePcm arm64 /tmp/xot-launch-icon-review-v6/native/build/ModuleCache.noindex/_Builtin_intrinsics-AVB6EMIKRUH0OZCBJQC08RILM.pcm

SwiftExplicitDependencyGeneratePcm arm64 /tmp/xot-launch-icon-review-v6/native/build/ModuleCache.noindex/_Builtin_inttypes-6P0GDMLV37JTJKS82P78690F6.pcm

SwiftExplicitDependencyGeneratePcm arm64 /tmp/xot-launch-icon-review-v6/native/build/ModuleCache.noindex/Darwin-9GIQH6BULV42BIAOEEQY73UT8.pcm

SwiftExplicitDependencyGeneratePcm arm64 /tmp/xot-launch-icon-review-v6/native/build/ModuleCache.noindex/simd-AW6KMFH6Y8LYR25GNFMT65FH.pcm

SwiftExplicitDependencyGeneratePcm arm64 /tmp/xot-launch-icon-review-v6/native/build/ModuleCache.noindex/ObjectiveC-9MKU69S6D6W7452T8GNKSMTB1.pcm

SwiftExplicitDependencyGeneratePcm arm64 /tmp/xot-launch-icon-review-v6/native/build/ModuleCache.noindex/MachO-6Q96Y5EMAOE2FJ8AE70J53SRG.pcm

SwiftExplicitDependencyGeneratePcm arm64 /tmp/xot-launch-icon-review-v6/native/build/ModuleCache.noindex/os_object-CJO6FV4IWZYDTCPCRBETM2OK0.pcm

SwiftExplicitDependencyGeneratePcm arm64 /tmp/xot-launch-icon-review-v6/native/build/ModuleCache.noindex/os_workgroup-ARYA8QLGG3M8EEIFOYFRY65FT.pcm

SwiftExplicitDependencyGeneratePcm arm64 /tmp/xot-launch-icon-review-v6/native/build/ModuleCache.noindex/Spatial-49T4E7ULNK9QQ3GC1UL6LFCHV.pcm

SwiftExplicitDependencyGeneratePcm arm64 /tmp/xot-launch-icon-review-v6/native/build/ModuleCache.noindex/Dispatch-2ESRFBKEENE194AI9KQTAZC4C.pcm

SwiftExplicitDependencyGeneratePcm arm64 /tmp/xot-launch-icon-review-v6/native/build/ModuleCache.noindex/CoreFoundation-BBG7JMUK7LMUFJB2YE7SVDIVS.pcm

SwiftExplicitDependencyGeneratePcm arm64 /tmp/xot-launch-icon-review-v6/native/build/ModuleCache.noindex/XPC-DFPLWPM3X4HZ539M5NE90MVZ5.pcm

SwiftExplicitDependencyGeneratePcm arm64 /tmp/xot-launch-icon-review-v6/native/build/ModuleCache.noindex/os-RIWQEXQOFUGNBK7EXXELXVGS.pcm

SwiftExplicitDependencyGeneratePcm arm64 /tmp/xot-launch-icon-review-v6/native/build/ModuleCache.noindex/CFNetwork-7UEW5SHTHYUMBFKIHHEDBI17A.pcm

SwiftExplicitDependencyGeneratePcm arm64 /tmp/xot-launch-icon-review-v6/native/build/ModuleCache.noindex/CoreGraphics-AF9MWCYV6CEP56WGF4W2JIWDY.pcm

SwiftExplicitDependencyGeneratePcm arm64 /tmp/xot-launch-icon-review-v6/native/build/ModuleCache.noindex/Security-8PTAR24WYBVA4QN5M0RFJ2OY.pcm

SwiftExplicitDependencyGeneratePcm arm64 /tmp/xot-launch-icon-review-v6/native/build/ModuleCache.noindex/Foundation-3OUTSUPJIVO5001CW4FXVUCLE.pcm

SwiftExplicitDependencyGeneratePcm arm64 /tmp/xot-launch-icon-review-v6/native/build/ModuleCache.noindex/ImageIO-8ACWDKPLZ4HDGAV6Z1KPX4WTQ.pcm

SwiftExplicitDependencyGeneratePcm arm64 /tmp/xot-launch-icon-review-v6/native/build/ModuleCache.noindex/CoreText-13D3G3BU9G4YWR9HHOU6RGFWN.pcm

SwiftExplicitDependencyGeneratePcm arm64 /tmp/xot-launch-icon-review-v6/native/build/ModuleCache.noindex/DataDetection-1CKUCZVSEK96EP9RL6WVRQ0CY.pcm

SwiftExplicitDependencyGeneratePcm arm64 /tmp/xot-launch-icon-review-v6/native/build/ModuleCache.noindex/CoreTransferable-E5EM7OPGFOU60M9FXEKRU1PJE.pcm

SwiftExplicitDependencyGeneratePcm arm64 /tmp/xot-launch-icon-review-v6/native/build/ModuleCache.noindex/UniformTypeIdentifiers-6MY7UO0SQJTGV3NXVRP2IDOJZ.pcm

SwiftExplicitDependencyGeneratePcm arm64 /tmp/xot-launch-icon-review-v6/native/build/ModuleCache.noindex/Accessibility-A94N8KJ5TOJI49P6HBB5CCJJJ.pcm

SwiftExplicitDependencyGeneratePcm arm64 /tmp/xot-launch-icon-review-v6/native/build/ModuleCache.noindex/OpenGLES-E5L19AAYS5ZEGYU72QI2NEXD3.pcm

SwiftExplicitDependencyGeneratePcm arm64 /tmp/xot-launch-icon-review-v6/native/build/ModuleCache.noindex/UserNotifications-5G94PYHMDIIT9U50W6P0XWZ7W.pcm

SwiftExplicitDependencyGeneratePcm arm64 /tmp/xot-launch-icon-review-v6/native/build/ModuleCache.noindex/FileProvider-5RHOK5PSGBHTVY7V97PXJXNAM.pcm

SwiftExplicitDependencyGeneratePcm arm64 /tmp/xot-launch-icon-review-v6/native/build/ModuleCache.noindex/IOSurface-ENTRLHGTPOMD4JT0L55CPRQP2.pcm

SwiftExplicitDependencyGeneratePcm arm64 /tmp/xot-launch-icon-review-v6/native/build/ModuleCache.noindex/UIUtilities-5EQ9M13XHTMRJLLGPB8G0WY0Q.pcm

SwiftExplicitDependencyGeneratePcm arm64 /tmp/xot-launch-icon-review-v6/native/build/ModuleCache.noindex/Symbols-ADA8YVQKH7HRM0CVVG0R4ZZGS.pcm

SwiftExplicitDependencyGeneratePcm arm64 /tmp/xot-launch-icon-review-v6/native/build/ModuleCache.noindex/OSLog-O9FAH90XXRNKXNIB30QHFLWJ.pcm

SwiftExplicitDependencyGeneratePcm arm64 /tmp/xot-launch-icon-review-v6/native/build/ModuleCache.noindex/Metal-97Y7TVLFWAT37P8J883NCPG9B.pcm

SwiftExplicitDependencyGeneratePcm arm64 /tmp/xot-launch-icon-review-v6/native/build/ModuleCache.noindex/CoreVideo-7UCLSIIHY34G3F1NPRYUZ6M9K.pcm

SwiftExplicitDependencyGeneratePcm arm64 /tmp/xot-launch-icon-review-v6/native/build/ModuleCache.noindex/QuartzCore-1IVYUPYBMS729JL9PBNERSY34.pcm

SwiftExplicitDependencyGeneratePcm arm64 /tmp/xot-launch-icon-review-v6/native/build/ModuleCache.noindex/CoreImage-BA77U20UQBGBKN1SO7VJHELIF.pcm

SwiftExplicitDependencyGeneratePcm arm64 /tmp/xot-launch-icon-review-v6/native/build/ModuleCache.noindex/SwiftUICore-DCO6YJ0H3IE13UV18SNXK9HJO.pcm

SwiftExplicitDependencyGeneratePcm arm64 /tmp/xot-launch-icon-review-v6/native/build/ModuleCache.noindex/UIKit-3DCOSQJRWVS4JMPWIW2F77OUV.pcm

SwiftExplicitDependencyGeneratePcm arm64 /tmp/xot-launch-icon-review-v6/native/build/Build/Intermediates.noindex/SwiftExplicitPrecompiledModules/XCUIAutomation-7OEKASJW5838RFHKOS7E24QE8.pcm

SwiftExplicitDependencyCompileModuleFromInterface arm64 /tmp/xot-launch-icon-review-v6/native/build/Build/Intermediates.noindex/SwiftExplicitPrecompiledModules/XCUIAutomation-3KA60TBCM4VCC.swiftmodule

SwiftExplicitDependencyGeneratePcm arm64 /tmp/xot-launch-icon-review-v6/native/build/Build/Intermediates.noindex/SwiftExplicitPrecompiledModules/XCTest-AT3MV3C056ELAL48XT1YXZUSU.pcm

SwiftExplicitDependencyCompileModuleFromInterface arm64 /tmp/xot-launch-icon-review-v6/native/build/Build/Intermediates.noindex/SwiftExplicitPrecompiledModules/XCTest-34UE6XJJFYBRY.swiftmodule

SwiftEmitModule normal arm64 Emitting\ module\ for\ DashboardReview (in target 'DashboardReview' from project 'DashboardReview')

SwiftCompile normal arm64 /Users/chge7185/Projects/SparkyFitness/SparkyFitnessMobile/review/DashboardReview.swift (in target 'DashboardReview' from project 'DashboardReview')
    cd /tmp/xot-launch-icon-review-v6/native


SwiftCompile normal arm64 Compiling\ DashboardReview.swift /Users/chge7185/Projects/SparkyFitness/SparkyFitnessMobile/review/DashboardReview.swift (in target 'DashboardReview' from project 'DashboardReview')
SwiftCompile normal arm64 /Users/chge7185/Projects/SparkyFitness/SparkyFitnessMobile/review/DashboardReview.swift (in target 'DashboardReview' from project 'DashboardReview')
    cd /tmp/xot-launch-icon-review-v6/native


SwiftDriverJobDiscovery normal arm64 Emitting module for DashboardReview (in target 'DashboardReview' from project 'DashboardReview')

SwiftDriver\ Compilation\ Requirements DashboardReview normal arm64 com.apple.xcode.tools.swift.compiler (in target 'DashboardReview' from project 'DashboardReview')
    cd /tmp/xot-launch-icon-review-v6/native
    builtin-Swift-Compilation-Requirements -- /Applications/Xcode.app/Contents/Developer/Toolchains/XcodeDefault.xctoolchain/usr/bin/swiftc -module-name DashboardReview -Onone @/tmp/xot-launch-icon-review-v6/native/build/Build/Intermediates.noindex/DashboardReview.build/Debug-iphonesimulator/DashboardReview.build/Objects-normal/arm64/DashboardReview.SwiftFileList -DDEBUG -module-alias Testing\=_Testing_Unavailable -plugin-path /Applications/Xcode.app/Contents/Developer/Toolchains/XcodeDefault.xctoolchain/usr/lib/swift/host/plugins/testing -enable-bare-slash-regex -enable-experimental-feature DebugDescriptionMacro -sdk /Applications/Xcode.app/Contents/Developer/Platforms/iPhoneSimulator.platform/Developer/SDKs/iPhoneSimulator26.5.sdk -target arm64-apple-ios17.0-simulator -g -module-cache-path /tmp/xot-launch-icon-review-v6/native/build/ModuleCache.noindex -Xfrontend -serialize-debugging-options -enable-testing -index-store-path /tmp/xot-launch-icon-review-v6/native/build/Index.noindex/DataStore -Xcc -D_LIBCPP_HARDENING_MODE\=_LIBCPP_HARDENING_MODE_DEBUG -swift-version 5 -I /tmp/xot-launch-icon-review-v6/native/build/Build/Products/Debug-iphonesimulator -Isystem /Applications/Xcode.app/Contents/Developer/Platforms/iPhoneSimulator.platform/Developer/usr/lib -F /tmp/xot-launch-icon-review-v6/native/build/Build/Products/Debug-iphonesimulator -F /Applications/Xcode.app/Contents/Developer/Platforms/iPhoneSimulator.platform/Developer/Library/Frameworks -F /Applications/Xcode.app/Contents/Developer/Platforms/iPhoneSimulator.platform/Developer/SDKs/iPhoneSimulator26.5.sdk/Developer/Library/Frameworks -parse-as-library -c -j32 -enable-batch-mode -incremental -Xcc -ivfsstatcache -Xcc /tmp/xot-launch-icon-review-v6/native/build/SDKStatCaches.noindex/iphonesimulator26.5-23F81a-6cfe768891a92b912361537c460fe42b.sdkstatcache -output-file-map /tmp/xot-launch-icon-review-v6/native/build/Build/Intermediates.noindex/DashboardReview.build/Debug-iphonesimulator/DashboardReview.build/Objects-normal/arm64/DashboardReview-OutputFileMap.json -use-frontend-parseable-output -save-temps -no-color-diagnostics -explicit-module-build -module-cache-path /tmp/xot-launch-icon-review-v6/native/build/Build/Intermediates.noindex/SwiftExplicitPrecompiledModules -clang-scanner-module-cache-path /tmp/xot-launch-icon-review-v6/native/build/ModuleCache.noindex -sdk-module-cache-path /tmp/xot-launch-icon-review-v6/native/build/ModuleCache.noindex -serialize-diagnostics -emit-dependencies -emit-module -emit-module-path /tmp/xot-launch-icon-review-v6/native/build/Build/Intermediates.noindex/DashboardReview.build/Debug-iphonesimulator/DashboardReview.build/Objects-normal/arm64/DashboardReview.swiftmodule -validate-clang-modules-once -clang-build-session-file /tmp/xot-launch-icon-review-v6/native/build/ModuleCache.noindex/Session.modulevalidation -Xcc -I/tmp/xot-launch-icon-review-v6/native/build/Build/Intermediates.noindex/DashboardReview.build/Debug-iphonesimulator/DashboardReview.build/swift-overrides.hmap -emit-const-values -Xfrontend -const-gather-protocols-file -Xfrontend /tmp/xot-launch-icon-review-v6/native/build/Build/Intermediates.noindex/DashboardReview.build/Debug-iphonesimulator/DashboardReview.build/Objects-normal/arm64/DashboardReview_const_extract_protocols.json -Xcc -iquote -Xcc /tmp/xot-launch-icon-review-v6/native/build/Build/Intermediates.noindex/DashboardReview.build/Debug-iphonesimulator/DashboardReview.build/DashboardReview-generated-files.hmap -Xcc -I/tmp/xot-launch-icon-review-v6/native/build/Build/Intermediates.noindex/DashboardReview.build/Debug-iphonesimulator/DashboardReview.build/DashboardReview-own-target-headers.hmap -Xcc -I/tmp/xot-launch-icon-review-v6/native/build/Build/Intermediates.noindex/DashboardReview.build/Debug-iphonesimulator/DashboardReview.build/DashboardReview-all-target-headers.hmap -Xcc -iquote -Xcc /tmp/xot-launch-icon-review-v6/native/build/Build/Intermediates.noindex/DashboardReview.build/Debug-iphonesimulator/DashboardReview.build/DashboardReview-project-headers.hmap -Xcc -I/tmp/xot-launch-icon-review-v6/native/build/Build/Products/Debug-iphonesimulator/include -Xcc -I/tmp/xot-launch-icon-review-v6/native/build/Build/Intermediates.noindex/DashboardReview.build/Debug-iphonesimulator/DashboardReview.build/DerivedSources-normal/arm64 -Xcc -I/tmp/xot-launch-icon-review-v6/native/build/Build/Intermediates.noindex/DashboardReview.build/Debug-iphonesimulator/DashboardReview.build/DerivedSources/arm64 -Xcc -I/tmp/xot-launch-icon-review-v6/native/build/Build/Intermediates.noindex/DashboardReview.build/Debug-iphonesimulator/DashboardReview.build/DerivedSources -Xcc -DDEBUG\=1 -emit-objc-header -emit-objc-header-path /tmp/xot-launch-icon-review-v6/native/build/Build/Intermediates.noindex/DashboardReview.build/Debug-iphonesimulator/DashboardReview.build/Objects-normal/arm64/DashboardReview-Swift.h -working-directory /tmp/xot-launch-icon-review-v6/native -experimental-emit-module-separately -disable-cmo

SwiftMergeGeneratedHeaders /tmp/xot-launch-icon-review-v6/native/build/Build/Intermediates.noindex/DashboardReview.build/Debug-iphonesimulator/DashboardReview.build/DerivedSources/DashboardReview-Swift.h /tmp/xot-launch-icon-review-v6/native/build/Build/Intermediates.noindex/DashboardReview.build/Debug-iphonesimulator/DashboardReview.build/Objects-normal/arm64/DashboardReview-Swift.h (in target 'DashboardReview' from project 'DashboardReview')
    cd /tmp/xot-launch-icon-review-v6/native
    builtin-swiftHeaderTool -arch arm64 /tmp/xot-launch-icon-review-v6/native/build/Build/Intermediates.noindex/DashboardReview.build/Debug-iphonesimulator/DashboardReview.build/Objects-normal/arm64/DashboardReview-Swift.h -o /tmp/xot-launch-icon-review-v6/native/build/Build/Intermediates.noindex/DashboardReview.build/Debug-iphonesimulator/DashboardReview.build/DerivedSources/DashboardReview-Swift.h

Copy /tmp/xot-launch-icon-review-v6/native/build/Build/Products/Debug-iphonesimulator/DashboardReview.swiftmodule/arm64-apple-ios-simulator.swiftdoc /tmp/xot-launch-icon-review-v6/native/build/Build/Intermediates.noindex/DashboardReview.build/Debug-iphonesimulator/DashboardReview.build/Objects-normal/arm64/DashboardReview.swiftdoc (in target 'DashboardReview' from project 'DashboardReview')
    cd /tmp/xot-launch-icon-review-v6/native
    builtin-copy -exclude .DS_Store -exclude CVS -exclude .svn -exclude .git -exclude .hg -resolve-src-symlinks -rename /tmp/xot-launch-icon-review-v6/native/build/Build/Intermediates.noindex/DashboardReview.build/Debug-iphonesimulator/DashboardReview.build/Objects-normal/arm64/DashboardReview.swiftdoc /tmp/xot-launch-icon-review-v6/native/build/Build/Products/Debug-iphonesimulator/DashboardReview.swiftmodule/arm64-apple-ios-simulator.swiftdoc

Copy /tmp/xot-launch-icon-review-v6/native/build/Build/Products/Debug-iphonesimulator/DashboardReview.swiftmodule/arm64-apple-ios-simulator.abi.json /tmp/xot-launch-icon-review-v6/native/build/Build/Intermediates.noindex/DashboardReview.build/Debug-iphonesimulator/DashboardReview.build/Objects-normal/arm64/DashboardReview.abi.json (in target 'DashboardReview' from project 'DashboardReview')
    cd /tmp/xot-launch-icon-review-v6/native
    builtin-copy -exclude .DS_Store -exclude CVS -exclude .svn -exclude .git -exclude .hg -resolve-src-symlinks -rename /tmp/xot-launch-icon-review-v6/native/build/Build/Intermediates.noindex/DashboardReview.build/Debug-iphonesimulator/DashboardReview.build/Objects-normal/arm64/DashboardReview.abi.json /tmp/xot-launch-icon-review-v6/native/build/Build/Products/Debug-iphonesimulator/DashboardReview.swiftmodule/arm64-apple-ios-simulator.abi.json

Copy /tmp/xot-launch-icon-review-v6/native/build/Build/Products/Debug-iphonesimulator/DashboardReview.swiftmodule/arm64-apple-ios-simulator.swiftmodule /tmp/xot-launch-icon-review-v6/native/build/Build/Intermediates.noindex/DashboardReview.build/Debug-iphonesimulator/DashboardReview.build/Objects-normal/arm64/DashboardReview.swiftmodule (in target 'DashboardReview' from project 'DashboardReview')
    cd /tmp/xot-launch-icon-review-v6/native
    builtin-copy -exclude .DS_Store -exclude CVS -exclude .svn -exclude .git -exclude .hg -resolve-src-symlinks -rename /tmp/xot-launch-icon-review-v6/native/build/Build/Intermediates.noindex/DashboardReview.build/Debug-iphonesimulator/DashboardReview.build/Objects-normal/arm64/DashboardReview.swiftmodule /tmp/xot-launch-icon-review-v6/native/build/Build/Products/Debug-iphonesimulator/DashboardReview.swiftmodule/arm64-apple-ios-simulator.swiftmodule

Copy /tmp/xot-launch-icon-review-v6/native/build/Build/Products/Debug-iphonesimulator/DashboardReview.swiftmodule/Project/arm64-apple-ios-simulator.swiftsourceinfo /tmp/xot-launch-icon-review-v6/native/build/Build/Intermediates.noindex/DashboardReview.build/Debug-iphonesimulator/DashboardReview.build/Objects-normal/arm64/DashboardReview.swiftsourceinfo (in target 'DashboardReview' from project 'DashboardReview')
    cd /tmp/xot-launch-icon-review-v6/native
    builtin-copy -exclude .DS_Store -exclude CVS -exclude .svn -exclude .git -exclude .hg -resolve-src-symlinks -rename /tmp/xot-launch-icon-review-v6/native/build/Build/Intermediates.noindex/DashboardReview.build/Debug-iphonesimulator/DashboardReview.build/Objects-normal/arm64/DashboardReview.swiftsourceinfo /tmp/xot-launch-icon-review-v6/native/build/Build/Products/Debug-iphonesimulator/DashboardReview.swiftmodule/Project/arm64-apple-ios-simulator.swiftsourceinfo

SwiftDriverJobDiscovery normal arm64 Compiling DashboardReview.swift (in target 'DashboardReview' from project 'DashboardReview')

SwiftDriver\ Compilation DashboardReview normal arm64 com.apple.xcode.tools.swift.compiler (in target 'DashboardReview' from project 'DashboardReview')
    cd /tmp/xot-launch-icon-review-v6/native
    builtin-Swift-Compilation -- /Applications/Xcode.app/Contents/Developer/Toolchains/XcodeDefault.xctoolchain/usr/bin/swiftc -module-name DashboardReview -Onone @/tmp/xot-launch-icon-review-v6/native/build/Build/Intermediates.noindex/DashboardReview.build/Debug-iphonesimulator/DashboardReview.build/Objects-normal/arm64/DashboardReview.SwiftFileList -DDEBUG -module-alias Testing\=_Testing_Unavailable -plugin-path /Applications/Xcode.app/Contents/Developer/Toolchains/XcodeDefault.xctoolchain/usr/lib/swift/host/plugins/testing -enable-bare-slash-regex -enable-experimental-feature DebugDescriptionMacro -sdk /Applications/Xcode.app/Contents/Developer/Platforms/iPhoneSimulator.platform/Developer/SDKs/iPhoneSimulator26.5.sdk -target arm64-apple-ios17.0-simulator -g -module-cache-path /tmp/xot-launch-icon-review-v6/native/build/ModuleCache.noindex -Xfrontend -serialize-debugging-options -enable-testing -index-store-path /tmp/xot-launch-icon-review-v6/native/build/Index.noindex/DataStore -Xcc -D_LIBCPP_HARDENING_MODE\=_LIBCPP_HARDENING_MODE_DEBUG -swift-version 5 -I /tmp/xot-launch-icon-review-v6/native/build/Build/Products/Debug-iphonesimulator -Isystem /Applications/Xcode.app/Contents/Developer/Platforms/iPhoneSimulator.platform/Developer/usr/lib -F /tmp/xot-launch-icon-review-v6/native/build/Build/Products/Debug-iphonesimulator -F /Applications/Xcode.app/Contents/Developer/Platforms/iPhoneSimulator.platform/Developer/Library/Frameworks -F /Applications/Xcode.app/Contents/Developer/Platforms/iPhoneSimulator.platform/Developer/SDKs/iPhoneSimulator26.5.sdk/Developer/Library/Frameworks -parse-as-library -c -j32 -enable-batch-mode -incremental -Xcc -ivfsstatcache -Xcc /tmp/xot-launch-icon-review-v6/native/build/SDKStatCaches.noindex/iphonesimulator26.5-23F81a-6cfe768891a92b912361537c460fe42b.sdkstatcache -output-file-map /tmp/xot-launch-icon-review-v6/native/build/Build/Intermediates.noindex/DashboardReview.build/Debug-iphonesimulator/DashboardReview.build/Objects-normal/arm64/DashboardReview-OutputFileMap.json -use-frontend-parseable-output -save-temps -no-color-diagnostics -explicit-module-build -module-cache-path /tmp/xot-launch-icon-review-v6/native/build/Build/Intermediates.noindex/SwiftExplicitPrecompiledModules -clang-scanner-module-cache-path /tmp/xot-launch-icon-review-v6/native/build/ModuleCache.noindex -sdk-module-cache-path /tmp/xot-launch-icon-review-v6/native/build/ModuleCache.noindex -serialize-diagnostics -emit-dependencies -emit-module -emit-module-path /tmp/xot-launch-icon-review-v6/native/build/Build/Intermediates.noindex/DashboardReview.build/Debug-iphonesimulator/DashboardReview.build/Objects-normal/arm64/DashboardReview.swiftmodule -validate-clang-modules-once -clang-build-session-file /tmp/xot-launch-icon-review-v6/native/build/ModuleCache.noindex/Session.modulevalidation -Xcc -I/tmp/xot-launch-icon-review-v6/native/build/Build/Intermediates.noindex/DashboardReview.build/Debug-iphonesimulator/DashboardReview.build/swift-overrides.hmap -emit-const-values -Xfrontend -const-gather-protocols-file -Xfrontend /tmp/xot-launch-icon-review-v6/native/build/Build/Intermediates.noindex/DashboardReview.build/Debug-iphonesimulator/DashboardReview.build/Objects-normal/arm64/DashboardReview_const_extract_protocols.json -Xcc -iquote -Xcc /tmp/xot-launch-icon-review-v6/native/build/Build/Intermediates.noindex/DashboardReview.build/Debug-iphonesimulator/DashboardReview.build/DashboardReview-generated-files.hmap -Xcc -I/tmp/xot-launch-icon-review-v6/native/build/Build/Intermediates.noindex/DashboardReview.build/Debug-iphonesimulator/DashboardReview.build/DashboardReview-own-target-headers.hmap -Xcc -I/tmp/xot-launch-icon-review-v6/native/build/Build/Intermediates.noindex/DashboardReview.build/Debug-iphonesimulator/DashboardReview.build/DashboardReview-all-target-headers.hmap -Xcc -iquote -Xcc /tmp/xot-launch-icon-review-v6/native/build/Build/Intermediates.noindex/DashboardReview.build/Debug-iphonesimulator/DashboardReview.build/DashboardReview-project-headers.hmap -Xcc -I/tmp/xot-launch-icon-review-v6/native/build/Build/Products/Debug-iphonesimulator/include -Xcc -I/tmp/xot-launch-icon-review-v6/native/build/Build/Intermediates.noindex/DashboardReview.build/Debug-iphonesimulator/DashboardReview.build/DerivedSources-normal/arm64 -Xcc -I/tmp/xot-launch-icon-review-v6/native/build/Build/Intermediates.noindex/DashboardReview.build/Debug-iphonesimulator/DashboardReview.build/DerivedSources/arm64 -Xcc -I/tmp/xot-launch-icon-review-v6/native/build/Build/Intermediates.noindex/DashboardReview.build/Debug-iphonesimulator/DashboardReview.build/DerivedSources -Xcc -DDEBUG\=1 -emit-objc-header -emit-objc-header-path /tmp/xot-launch-icon-review-v6/native/build/Build/Intermediates.noindex/DashboardReview.build/Debug-iphonesimulator/DashboardReview.build/Objects-normal/arm64/DashboardReview-Swift.h -working-directory /tmp/xot-launch-icon-review-v6/native -experimental-emit-module-separately -disable-cmo

Ld /tmp/xot-launch-icon-review-v6/native/build/Build/Products/Debug-iphonesimulator/DashboardReview-Runner.app/PlugIns/DashboardReview.xctest/DashboardReview normal (in target 'DashboardReview' from project 'DashboardReview')
    cd /tmp/xot-launch-icon-review-v6/native
    /Applications/Xcode.app/Contents/Developer/Toolchains/XcodeDefault.xctoolchain/usr/bin/clang -Xlinker -reproducible -target arm64-apple-ios17.0-simulator -bundle -isysroot /Applications/Xcode.app/Contents/Developer/Platforms/iPhoneSimulator.platform/Developer/SDKs/iPhoneSimulator26.5.sdk -O0 -L/tmp/xot-launch-icon-review-v6/native/build/Build/Intermediates.noindex/EagerLinkingTBDs/Debug-iphonesimulator -L/tmp/xot-launch-icon-review-v6/native/build/Build/Products/Debug-iphonesimulator -L/Applications/Xcode.app/Contents/Developer/Platforms/iPhoneSimulator.platform/Developer/usr/lib -F/tmp/xot-launch-icon-review-v6/native/build/Build/Intermediates.noindex/EagerLinkingTBDs/Debug-iphonesimulator -F/tmp/xot-launch-icon-review-v6/native/build/Build/Products/Debug-iphonesimulator -iframework /Applications/Xcode.app/Contents/Developer/Platforms/iPhoneSimulator.platform/Developer/Library/Frameworks -iframework /Applications/Xcode.app/Contents/Developer/Platforms/iPhoneSimulator.platform/Developer/SDKs/iPhoneSimulator26.5.sdk/Developer/Library/Frameworks -filelist /tmp/xot-launch-icon-review-v6/native/build/Build/Intermediates.noindex/DashboardReview.build/Debug-iphonesimulator/DashboardReview.build/Objects-normal/arm64/DashboardReview.LinkFileList -Xlinker -rpath -Xlinker /usr/lib/swift -Xlinker -rpath -Xlinker @loader_path/Frameworks -Xlinker -dead_strip -Xlinker -object_path_lto -Xlinker /tmp/xot-launch-icon-review-v6/native/build/Build/Intermediates.noindex/DashboardReview.build/Debug-iphonesimulator/DashboardReview.build/Objects-normal/arm64/DashboardReview_lto.o -rdynamic -Xlinker -no_deduplicate -Xlinker -objc_abi_version -Xlinker 2 -Xlinker -dependency_info -Xlinker /tmp/xot-launch-icon-review-v6/native/build/Build/Intermediates.noindex/DashboardReview.build/Debug-iphonesimulator/DashboardReview.build/Objects-normal/arm64/DashboardReview_dependency_info.dat -fobjc-link-runtime -L/Applications/Xcode.app/Contents/Developer/Toolchains/XcodeDefault.xctoolchain/usr/lib/swift/iphonesimulator -L/usr/lib/swift -Xlinker -add_ast_path -Xlinker /tmp/xot-launch-icon-review-v6/native/build/Build/Intermediates.noindex/DashboardReview.build/Debug-iphonesimulator/DashboardReview.build/Objects-normal/arm64/DashboardReview.swiftmodule @/tmp/xot-launch-icon-review-v6/native/build/Build/Intermediates.noindex/DashboardReview.build/Debug-iphonesimulator/DashboardReview.build/Objects-normal/arm64/DashboardReview-linker-args.resp -Xlinker -needed_framework -Xlinker XCTest -framework XCTest -Xlinker -needed-lXCTestSwiftSupport -lXCTestSwiftSupport -framework Foundation -o /tmp/xot-launch-icon-review-v6/native/build/Build/Products/Debug-iphonesimulator/DashboardReview-Runner.app/PlugIns/DashboardReview.xctest/DashboardReview

CopySwiftLibs /tmp/xot-launch-icon-review-v6/native/build/Build/Products/Debug-iphonesimulator/DashboardReview-Runner.app/PlugIns/DashboardReview.xctest (in target 'DashboardReview' from project 'DashboardReview')
    cd /tmp/xot-launch-icon-review-v6/native
    builtin-swiftStdLibTool --copy --verbose --scan-executable /tmp/xot-launch-icon-review-v6/native/build/Build/Products/Debug-iphonesimulator/DashboardReview-Runner.app/PlugIns/DashboardReview.xctest/DashboardReview --scan-folder /tmp/xot-launch-icon-review-v6/native/build/Build/Products/Debug-iphonesimulator/DashboardReview-Runner.app/PlugIns/DashboardReview.xctest/Frameworks --scan-folder /tmp/xot-launch-icon-review-v6/native/build/Build/Products/Debug-iphonesimulator/DashboardReview-Runner.app/PlugIns/DashboardReview.xctest/PlugIns --scan-folder /tmp/xot-launch-icon-review-v6/native/build/Build/Products/Debug-iphonesimulator/DashboardReview-Runner.app/PlugIns/DashboardReview.xctest/SystemExtensions --scan-folder /tmp/xot-launch-icon-review-v6/native/build/Build/Products/Debug-iphonesimulator/DashboardReview-Runner.app/PlugIns/DashboardReview.xctest/Extensions --scan-folder /Applications/Xcode.app/Contents/Developer/Platforms/iPhoneOS.platform/Developer/SDKs/iPhoneOS26.0.sdk/System/Library/Frameworks/Foundation.framework --platform iphonesimulator --toolchain /Applications/Xcode.app/Contents/Developer/Toolchains/XcodeDefault.xctoolchain --destination /tmp/xot-launch-icon-review-v6/native/build/Build/Products/Debug-iphonesimulator/DashboardReview-Runner.app/PlugIns/DashboardReview.xctest/Frameworks --strip-bitcode --scan-executable /Applications/Xcode.app/Contents/Developer/Platforms/iPhoneSimulator.platform/Developer/usr/lib/libXCTestSwiftSupport.dylib --strip-bitcode-tool /Applications/Xcode.app/Contents/Developer/Toolchains/XcodeDefault.xctoolchain/usr/bin/bitcode_strip --emit-dependency-info /tmp/xot-launch-icon-review-v6/native/build/Build/Intermediates.noindex/DashboardReview.build/Debug-iphonesimulator/DashboardReview.build/SwiftStdLibToolInputDependencies.dep --filter-for-swift-os
Ignoring --strip-bitcode because --sign was not passed

ExtractAppIntentsMetadata (in target 'DashboardReview' from project 'DashboardReview')
    cd /tmp/xot-launch-icon-review-v6/native
    /Applications/Xcode.app/Contents/Developer/Toolchains/XcodeDefault.xctoolchain/usr/bin/appintentsmetadataprocessor --toolchain-dir /Applications/Xcode.app/Contents/Developer/Toolchains/XcodeDefault.xctoolchain --module-name DashboardReview --sdk-root /Applications/Xcode.app/Contents/Developer/Platforms/iPhoneSimulator.platform/Developer/SDKs/iPhoneSimulator26.5.sdk --xcode-version 17F113 --platform-family iOS --deployment-target 17.0 --bundle-identifier com.xontrack.simulator-review --output /tmp/xot-launch-icon-review-v6/native/build/Build/Products/Debug-iphonesimulator/DashboardReview-Runner.app/PlugIns/DashboardReview.xctest --target-triple arm64-apple-ios17.0-simulator --binary-file /tmp/xot-launch-icon-review-v6/native/build/Build/Products/Debug-iphonesimulator/DashboardReview-Runner.app/PlugIns/DashboardReview.xctest/DashboardReview --dependency-file /tmp/xot-launch-icon-review-v6/native/build/Build/Intermediates.noindex/DashboardReview.build/Debug-iphonesimulator/DashboardReview.build/Objects-normal/arm64/DashboardReview_dependency_info.dat --stringsdata-file /tmp/xot-launch-icon-review-v6/native/build/Build/Intermediates.noindex/DashboardReview.build/Debug-iphonesimulator/DashboardReview.build/Objects-normal/arm64/ExtractedAppShortcutsMetadata.stringsdata --source-file-list /tmp/xot-launch-icon-review-v6/native/build/Build/Intermediates.noindex/DashboardReview.build/Debug-iphonesimulator/DashboardReview.build/Objects-normal/arm64/DashboardReview.SwiftFileList --metadata-file-list /tmp/xot-launch-icon-review-v6/native/build/Build/Intermediates.noindex/DashboardReview.build/Debug-iphonesimulator/DashboardReview.build/DashboardReview.DependencyMetadataFileList --static-metadata-file-list /tmp/xot-launch-icon-review-v6/native/build/Build/Intermediates.noindex/DashboardReview.build/Debug-iphonesimulator/DashboardReview.build/DashboardReview.DependencyStaticMetadataFileList --swift-const-vals-list /tmp/xot-launch-icon-review-v6/native/build/Build/Intermediates.noindex/DashboardReview.build/Debug-iphonesimulator/DashboardReview.build/Objects-normal/arm64/DashboardReview.SwiftConstValuesFileList --compile-time-extraction --deployment-aware-processing --validate-assistant-intents --no-app-shortcuts-localization
2026-09-26 19:34:24.648 appintentsmetadataprocessor[10415:79540176] Starting appintentsmetadataprocessor export
2026-09-26 19:34:24.649 appintentsmetadataprocessor[10415:79540176] warning: Metadata extraction skipped. No AppIntents.framework dependency found.

AppIntentsSSUTraining (in target 'DashboardReview' from project 'DashboardReview')
    cd /tmp/xot-launch-icon-review-v6/native
    /Applications/Xcode.app/Contents/Developer/Toolchains/XcodeDefault.xctoolchain/usr/bin/appintentsnltrainingprocessor --infoplist-path /tmp/xot-launch-icon-review-v6/native/build/Build/Products/Debug-iphonesimulator/DashboardReview-Runner.app/PlugIns/DashboardReview.xctest/Info.plist --temp-dir-path /tmp/xot-launch-icon-review-v6/native/build/Build/Intermediates.noindex/DashboardReview.build/Debug-iphonesimulator/DashboardReview.build/ssu --bundle-id com.xontrack.simulator-review --product-path /tmp/xot-launch-icon-review-v6/native/build/Build/Products/Debug-iphonesimulator/DashboardReview-Runner.app/PlugIns/DashboardReview.xctest --extracted-metadata-path /tmp/xot-launch-icon-review-v6/native/build/Build/Products/Debug-iphonesimulator/DashboardReview-Runner.app/PlugIns/DashboardReview.xctest/Metadata.appintents --metadata-file-list /tmp/xot-launch-icon-review-v6/native/build/Build/Intermediates.noindex/DashboardReview.build/Debug-iphonesimulator/DashboardReview.build/DashboardReview.DependencyMetadataFileList --source-file /tmp/xot-launch-icon-review-v6/native/build/Build/Products/Debug-iphonesimulator/DashboardReview-Runner.app/PlugIns/DashboardReview.xctest/Info.plist --archive-ssu-assets
2026-09-26 19:34:24.661 appintentsnltrainingprocessor[10416:79540177] Parsing options for appintentsnltrainingprocessor
2026-09-26 19:34:24.661 appintentsnltrainingprocessor[10416:79540177] Starting AppIntents SSU YAML Generation
2026-09-26 19:34:24.661 appintentsnltrainingprocessor[10416:79540177] No AppShortcuts found - Skipping.

CopyPlistFile /tmp/xot-launch-icon-review-v6/native/build/Build/Products/Debug-iphonesimulator/DashboardReview-Runner.app/Info.plist /Applications/Xcode.app/Contents/Developer/Platforms/iPhoneSimulator.platform/Developer/Library/Xcode/Agents/XCTRunner.app/Info.plist (in target 'DashboardReview' from project 'DashboardReview')
    cd /tmp/xot-launch-icon-review-v6/native
    builtin-copyPlist --validate --convert xml1 --macro-expansion WRAPPEDPRODUCTNAME DashboardReview-Runner --macro-expansion WRAPPEDPRODUCTBUNDLEIDENTIFIER com.xontrack.simulator-review.xctrunner --macro-expansion TESTPRODUCTNAME DashboardReview --macro-expansion TESTPRODUCTBUNDLEIDENTIFIER com.xontrack.simulator-review --copy-value UIDeviceFamily /tmp/xot-launch-icon-review-v6/native/build/Build/Products/Debug-iphonesimulator/DashboardReview-Runner.app/PlugIns/DashboardReview.xctest/Info.plist --outdir /tmp/xot-launch-icon-review-v6/native/build/Build/Products/Debug-iphonesimulator/DashboardReview-Runner.app -- /Applications/Xcode.app/Contents/Developer/Platforms/iPhoneSimulator.platform/Developer/Library/Xcode/Agents/XCTRunner.app/Info.plist

Copy /tmp/xot-launch-icon-review-v6/native/build/Build/Products/Debug-iphonesimulator/DashboardReview-Runner.app/PkgInfo /Applications/Xcode.app/Contents/Developer/Platforms/iPhoneSimulator.platform/Developer/Library/Xcode/Agents/XCTRunner.app/PkgInfo (in target 'DashboardReview' from project 'DashboardReview')
    cd /tmp/xot-launch-icon-review-v6/native
    builtin-copy -exclude .DS_Store -exclude CVS -exclude .svn -exclude .git -exclude .hg -resolve-src-symlinks /Applications/Xcode.app/Contents/Developer/Platforms/iPhoneSimulator.platform/Developer/Library/Xcode/Agents/XCTRunner.app/PkgInfo /tmp/xot-launch-icon-review-v6/native/build/Build/Products/Debug-iphonesimulator/DashboardReview-Runner.app

Copy /tmp/xot-launch-icon-review-v6/native/build/Build/Products/Debug-iphonesimulator/DashboardReview-Runner.app/Frameworks/XCTest.framework /Applications/Xcode.app/Contents/Developer/Platforms/iPhoneSimulator.platform/Developer/Library/Frameworks/XCTest.framework (in target 'DashboardReview' from project 'DashboardReview')
    cd /tmp/xot-launch-icon-review-v6/native
    builtin-copy -exclude .DS_Store -exclude CVS -exclude .svn -exclude .git -exclude .hg -exclude Headers -exclude PrivateHeaders -exclude Modules -exclude \*.tbd -resolve-src-symlinks /Applications/Xcode.app/Contents/Developer/Platforms/iPhoneSimulator.platform/Developer/Library/Frameworks/XCTest.framework /tmp/xot-launch-icon-review-v6/native/build/Build/Products/Debug-iphonesimulator/DashboardReview-Runner.app/Frameworks

MkDir /tmp/xot-launch-icon-review-v6/native/build/Build/Products/Debug-iphonesimulator/DashboardReview-Runner.app (in target 'DashboardReview' from project 'DashboardReview')
    cd /tmp/xot-launch-icon-review-v6/native
    /bin/mkdir -p /tmp/xot-launch-icon-review-v6/native/build/Build/Products/Debug-iphonesimulator/DashboardReview-Runner.app

Copy /tmp/xot-launch-icon-review-v6/native/build/Build/Products/Debug-iphonesimulator/DashboardReview-Runner.app/Frameworks/Testing.framework /Applications/Xcode.app/Contents/Developer/Platforms/iPhoneSimulator.platform/Developer/Library/Frameworks/Testing.framework (in target 'DashboardReview' from project 'DashboardReview')
    cd /tmp/xot-launch-icon-review-v6/native
    builtin-copy -exclude .DS_Store -exclude CVS -exclude .svn -exclude .git -exclude .hg -exclude Headers -exclude PrivateHeaders -exclude Modules -exclude \*.tbd -resolve-src-symlinks /Applications/Xcode.app/Contents/Developer/Platforms/iPhoneSimulator.platform/Developer/Library/Frameworks/Testing.framework /tmp/xot-launch-icon-review-v6/native/build/Build/Products/Debug-iphonesimulator/DashboardReview-Runner.app/Frameworks

CopyAndPreserveArchs /tmp/xot-launch-icon-review-v6/native/build/Build/Products/Debug-iphonesimulator/DashboardReview-Runner.app/DashboardReview-Runner (in target 'DashboardReview' from project 'DashboardReview')
    cd /tmp/xot-launch-icon-review-v6/native
    /Applications/Xcode.app/Contents/Developer/Toolchains/XcodeDefault.xctoolchain/usr/bin/lipo /Applications/Xcode.app/Contents/Developer/Platforms/iPhoneSimulator.platform/Developer/Library/Xcode/Agents/XCTRunner.app/XCTRunner -output /tmp/xot-launch-icon-review-v6/native/build/Build/Products/Debug-iphonesimulator/DashboardReview-Runner.app/DashboardReview-Runner -extract arm64

Copy /tmp/xot-launch-icon-review-v6/native/build/Build/Products/Debug-iphonesimulator/DashboardReview-Runner.app/Frameworks/XCUnit.framework /Applications/Xcode.app/Contents/Developer/Platforms/iPhoneSimulator.platform/Developer/Library/PrivateFrameworks/XCUnit.framework (in target 'DashboardReview' from project 'DashboardReview')
    cd /tmp/xot-launch-icon-review-v6/native
    builtin-copy -exclude .DS_Store -exclude CVS -exclude .svn -exclude .git -exclude .hg -exclude Headers -exclude PrivateHeaders -exclude Modules -exclude \*.tbd -resolve-src-symlinks /Applications/Xcode.app/Contents/Developer/Platforms/iPhoneSimulator.platform/Developer/Library/PrivateFrameworks/XCUnit.framework /tmp/xot-launch-icon-review-v6/native/build/Build/Products/Debug-iphonesimulator/DashboardReview-Runner.app/Frameworks

Copy /tmp/xot-launch-icon-review-v6/native/build/Build/Products/Debug-iphonesimulator/DashboardReview-Runner.app/Frameworks/XCTAutomationSupport.framework /Applications/Xcode.app/Contents/Developer/Platforms/iPhoneSimulator.platform/Developer/Library/PrivateFrameworks/XCTAutomationSupport.framework (in target 'DashboardReview' from project 'DashboardReview')
    cd /tmp/xot-launch-icon-review-v6/native
    builtin-copy -exclude .DS_Store -exclude CVS -exclude .svn -exclude .git -exclude .hg -exclude Headers -exclude PrivateHeaders -exclude Modules -exclude \*.tbd -resolve-src-symlinks /Applications/Xcode.app/Contents/Developer/Platforms/iPhoneSimulator.platform/Developer/Library/PrivateFrameworks/XCTAutomationSupport.framework /tmp/xot-launch-icon-review-v6/native/build/Build/Products/Debug-iphonesimulator/DashboardReview-Runner.app/Frameworks

Copy /tmp/xot-launch-icon-review-v6/native/build/Build/Products/Debug-iphonesimulator/DashboardReview-Runner.app/Frameworks/XCUIAutomation.framework /Applications/Xcode.app/Contents/Developer/Platforms/iPhoneSimulator.platform/Developer/Library/Frameworks/XCUIAutomation.framework (in target 'DashboardReview' from project 'DashboardReview')
    cd /tmp/xot-launch-icon-review-v6/native
    builtin-copy -exclude .DS_Store -exclude CVS -exclude .svn -exclude .git -exclude .hg -exclude Headers -exclude PrivateHeaders -exclude Modules -exclude \*.tbd -resolve-src-symlinks /Applications/Xcode.app/Contents/Developer/Platforms/iPhoneSimulator.platform/Developer/Library/Frameworks/XCUIAutomation.framework /tmp/xot-launch-icon-review-v6/native/build/Build/Products/Debug-iphonesimulator/DashboardReview-Runner.app/Frameworks

Copy /tmp/xot-launch-icon-review-v6/native/build/Build/Products/Debug-iphonesimulator/DashboardReview-Runner.app/Frameworks/libXCTestSwiftSupport.dylib /Applications/Xcode.app/Contents/Developer/Platforms/iPhoneSimulator.platform/Developer/usr/lib/libXCTestSwiftSupport.dylib (in target 'DashboardReview' from project 'DashboardReview')
    cd /tmp/xot-launch-icon-review-v6/native
    builtin-copy -exclude .DS_Store -exclude CVS -exclude .svn -exclude .git -exclude .hg -exclude Headers -exclude PrivateHeaders -exclude Modules -exclude \*.tbd -resolve-src-symlinks /Applications/Xcode.app/Contents/Developer/Platforms/iPhoneSimulator.platform/Developer/usr/lib/libXCTestSwiftSupport.dylib /tmp/xot-launch-icon-review-v6/native/build/Build/Products/Debug-iphonesimulator/DashboardReview-Runner.app/Frameworks

Copy /tmp/xot-launch-icon-review-v6/native/build/Build/Products/Debug-iphonesimulator/DashboardReview-Runner.app/Frameworks/XCTestCore.framework /Applications/Xcode.app/Contents/Developer/Platforms/iPhoneSimulator.platform/Developer/Library/PrivateFrameworks/XCTestCore.framework (in target 'DashboardReview' from project 'DashboardReview')
    cd /tmp/xot-launch-icon-review-v6/native
    builtin-copy -exclude .DS_Store -exclude CVS -exclude .svn -exclude .git -exclude .hg -exclude Headers -exclude PrivateHeaders -exclude Modules -exclude \*.tbd -resolve-src-symlinks /Applications/Xcode.app/Contents/Developer/Platforms/iPhoneSimulator.platform/Developer/Library/PrivateFrameworks/XCTestCore.framework /tmp/xot-launch-icon-review-v6/native/build/Build/Products/Debug-iphonesimulator/DashboardReview-Runner.app/Frameworks

Copy /tmp/xot-launch-icon-review-v6/native/build/Build/Products/Debug-iphonesimulator/DashboardReview-Runner.app/Frameworks/XCTestSupport.framework /Applications/Xcode.app/Contents/Developer/Platforms/iPhoneSimulator.platform/Developer/Library/PrivateFrameworks/XCTestSupport.framework (in target 'DashboardReview' from project 'DashboardReview')
    cd /tmp/xot-launch-icon-review-v6/native
    builtin-copy -exclude .DS_Store -exclude CVS -exclude .svn -exclude .git -exclude .hg -exclude Headers -exclude PrivateHeaders -exclude Modules -exclude \*.tbd -resolve-src-symlinks /Applications/Xcode.app/Contents/Developer/Platforms/iPhoneSimulator.platform/Developer/Library/PrivateFrameworks/XCTestSupport.framework /tmp/xot-launch-icon-review-v6/native/build/Build/Products/Debug-iphonesimulator/DashboardReview-Runner.app/Frameworks

RegisterExecutionPolicyException /tmp/xot-launch-icon-review-v6/native/build/Build/Products/Debug-iphonesimulator/DashboardReview-Runner.app/PlugIns/DashboardReview.xctest (in target 'DashboardReview' from project 'DashboardReview')
    cd /tmp/xot-launch-icon-review-v6/native
    builtin-RegisterExecutionPolicyException /tmp/xot-launch-icon-review-v6/native/build/Build/Products/Debug-iphonesimulator/DashboardReview-Runner.app/PlugIns/DashboardReview.xctest

Touch /tmp/xot-launch-icon-review-v6/native/build/Build/Products/Debug-iphonesimulator/DashboardReview-Runner.app/PlugIns/DashboardReview.xctest (in target 'DashboardReview' from project 'DashboardReview')
    cd /tmp/xot-launch-icon-review-v6/native
    /usr/bin/touch -c /tmp/xot-launch-icon-review-v6/native/build/Build/Products/Debug-iphonesimulator/DashboardReview-Runner.app/PlugIns/DashboardReview.xctest

2026-09-26 19:34:25.667292+0200 DashboardReview-Runner[10475:79540637] [Default] Running tests...
    t =      nans Interface orientation changed to Portrait
Test Suite 'Selected tests' started at 2026-09-26 19:34:26.156.
Test Suite 'DashboardReview.xctest' started at 2026-09-26 19:34:26.156.
Test Suite 'DashboardReview' started at 2026-09-26 19:34:26.156.
Test Case '-[DashboardReview.DashboardReview testLaunchIconActions]' started.
    t =     0.00s Start Test at 2026-09-26 19:34:26.157
    t =     0.02s Set Up
    t =     0.02s Open com.cg.phi
    t =     0.02s     Activate com.cg.phi
    t =     0.03s         Wait for com.cg.phi to idle
    t =     0.07s Waiting 30.0s for "dashboard-scroll" Other to exist
    t =     1.10s     Checking `Expect predicate `existsNoRetry == 1` for object "dashboard-scroll" Other`
    t =     1.11s         Checking existence of `"dashboard-scroll" Other`
    t =     1.17s Pressing Home button
    t =     1.64s Waiting 10.0s for "X on Track" Icon to exist
    t =     2.64s     Checking `Expect predicate `existsNoRetry == 1` for object "X on Track" Icon`
    t =     2.65s         Checking existence of `"X on Track" Icon`
    t =     2.69s Ignoring failure to get hierarchy for remote element in process 27835 (Error getting main window kAXErrorServerNotFound)
    t =     2.69s Ignoring failure to get hierarchy for remote element in process 27835 (Error getting main window kAXErrorServerNotFound)
    t =     2.70s Find the "X on Track" Icon
    t =     2.72s Ignoring failure to get hierarchy for remote element in process 27835 (Error getting main window kAXErrorServerNotFound)
    t =     2.72s Ignoring failure to get hierarchy for remote element in process 27835 (Error getting main window kAXErrorServerNotFound)
    t =     2.73s Find the "X on Track" Icon
    t =     2.75s Ignoring failure to get hierarchy for remote element in process 27835 (Error getting main window kAXErrorServerNotFound)
    t =     2.75s Ignoring failure to get hierarchy for remote element in process 27835 (Error getting main window kAXErrorServerNotFound)
    t =     2.76s Press "X on Track" Icon for 1.5 seconds
    t =     2.76s     Wait for com.apple.springboard to idle
    t =     2.76s     Find the "X on Track" Icon
    t =     2.78s Ignoring failure to get hierarchy for remote element in process 27835 (Error getting main window kAXErrorServerNotFound)
    t =     2.78s Ignoring failure to get hierarchy for remote element in process 27835 (Error getting main window kAXErrorServerNotFound)
    t =     2.79s     Check for interrupting elements affecting "X on Track" Icon
    t =     2.81s Ignoring failure to get hierarchy for remote element in process 27835 (Error getting main window kAXErrorServerNotFound)
    t =     2.81s Ignoring failure to get hierarchy for remote element in process 27835 (Error getting main window kAXErrorServerNotFound)
    t =     2.81s     Synthesize event
    t =     4.54s     Wait for com.apple.springboard to idle
    t =    64.57s App animations complete notification not received, will attempt to continue.
    t =    64.58s Waiting 10.0s for Button (First Match) to exist
    t =    65.63s     Checking `Expect predicate `existsNoRetry == 1` for object Button (First Match)`
    t =    65.64s         Checking existence of `Button (First Match)`
    t =    65.70s Ignoring failure to get hierarchy for remote element in process 27835 (Error getting main window kAXErrorServerNotFound)
    t =    65.70s Ignoring failure to get hierarchy for remote element in process 27835 (Error getting main window kAXErrorServerNotFound)
    t =    65.70s Find the Application 'com.apple.springboard'
    t =    65.73s Ignoring failure to get hierarchy for remote element in process 27835 (Error getting main window kAXErrorServerNotFound)
    t =    65.74s Ignoring failure to get hierarchy for remote element in process 27835 (Error getting main window kAXErrorServerNotFound)
    t =    65.83s Added attachment named 'launch-icon-menu'
    t =    65.83s Tap Button (First Match)
    t =    65.83s     Wait for com.apple.springboard to idle
    t =   125.86s App animations complete notification not received, will attempt to continue.
    t =   125.86s     Find the Button (First Match)
    t =   125.92s Ignoring failure to get hierarchy for remote element in process 27835 (Error getting main window kAXErrorServerNotFound)
    t =   125.92s Ignoring failure to get hierarchy for remote element in process 27835 (Error getting main window kAXErrorServerNotFound)
    t =   125.93s     Check for interrupting elements affecting "scan" Button
    t =   125.97s Ignoring failure to get hierarchy for remote element in process 27835 (Error getting main window kAXErrorServerNotFound)
    t =   125.97s Ignoring failure to get hierarchy for remote element in process 27835 (Error getting main window kAXErrorServerNotFound)
    t =   125.97s     Synthesize event
    t =   126.27s     Wait for com.apple.springboard to idle
    t =   126.83s Wait for com.cg.phi to become Running Foreground
    t =   126.83s Waiting 1.0s for "Continue" Button to exist
    t =   127.84s     Checking `Expect predicate `existsNoRetry == 1` for object "Continue" Button`
    t =   127.84s         Checking existence of `"Continue" Button`
    t =   127.90s         Capturing element debug description
    t =   127.90s     Checking existence of `"Continue" Button`
    t =   127.93s Collecting debug information to assist test failure triage
    t =   127.93s     Requesting snapshot of accessibility hierarchy for app with pid 8421
    t =   127.99s Waiting 20.0s for Button (First Match) to exist
    t =   129.04s     Checking `Expect predicate `existsNoRetry == 1` for object Button (First Match)`
    t =   129.04s         Checking existence of `Button (First Match)`
    t =   129.06s Find the Application 'com.cg.phi'
    t =   129.16s Added attachment named 'launch-icon-destination-0'
    t =   129.16s Terminate com.cg.phi:8421
    t =   130.24s Waiting 10.0s for "X on Track" Icon to exist
    t =   131.29s     Checking `Expect predicate `existsNoRetry == 1` for object "X on Track" Icon`
    t =   131.30s         Checking existence of `"X on Track" Icon`
    t =   131.34s Ignoring failure to get hierarchy for remote element in process 27835 (Error getting main window kAXErrorServerNotFound)
    t =   131.34s Ignoring failure to get hierarchy for remote element in process 27835 (Error getting main window kAXErrorServerNotFound)
    t =   131.34s Find the "X on Track" Icon
    t =   131.37s Ignoring failure to get hierarchy for remote element in process 27835 (Error getting main window kAXErrorServerNotFound)
    t =   131.37s Ignoring failure to get hierarchy for remote element in process 27835 (Error getting main window kAXErrorServerNotFound)
    t =   131.38s Find the "X on Track" Icon
    t =   131.40s Ignoring failure to get hierarchy for remote element in process 27835 (Error getting main window kAXErrorServerNotFound)
    t =   131.40s Ignoring failure to get hierarchy for remote element in process 27835 (Error getting main window kAXErrorServerNotFound)
    t =   131.41s Press "X on Track" Icon for 1.5 seconds
    t =   131.41s     Wait for com.apple.springboard to idle
    t =   131.41s     Find the "X on Track" Icon
    t =   131.43s Ignoring failure to get hierarchy for remote element in process 27835 (Error getting main window kAXErrorServerNotFound)
    t =   131.43s Ignoring failure to get hierarchy for remote element in process 27835 (Error getting main window kAXErrorServerNotFound)
    t =   131.43s     Check for interrupting elements affecting "X on Track" Icon
    t =   131.46s Ignoring failure to get hierarchy for remote element in process 27835 (Error getting main window kAXErrorServerNotFound)
    t =   131.46s Ignoring failure to get hierarchy for remote element in process 27835 (Error getting main window kAXErrorServerNotFound)
    t =   131.46s     Synthesize event
    t =   133.19s     Wait for com.apple.springboard to idle
    t =   193.22s App animations complete notification not received, will attempt to continue.
    t =   193.22s Waiting 10.0s for Button (First Match) to exist
    t =   194.28s     Checking `Expect predicate `existsNoRetry == 1` for object Button (First Match)`
    t =   194.28s         Checking existence of `Button (First Match)`
    t =   194.34s Ignoring failure to get hierarchy for remote element in process 27835 (Error getting main window kAXErrorServerNotFound)
    t =   194.34s Ignoring failure to get hierarchy for remote element in process 27835 (Error getting main window kAXErrorServerNotFound)
    t =   194.35s Tap Button (First Match)
    t =   194.35s     Wait for com.apple.springboard to idle
    t =   254.37s App animations complete notification not received, will attempt to continue.
    t =   254.37s     Find the Button (First Match)
    t =   254.42s Ignoring failure to get hierarchy for remote element in process 27835 (Error getting main window kAXErrorServerNotFound)
    t =   254.42s Ignoring failure to get hierarchy for remote element in process 27835 (Error getting main window kAXErrorServerNotFound)
    t =   254.42s     Check for interrupting elements affecting "food" Button
    t =   254.46s Ignoring failure to get hierarchy for remote element in process 27835 (Error getting main window kAXErrorServerNotFound)
    t =   254.46s Ignoring failure to get hierarchy for remote element in process 27835 (Error getting main window kAXErrorServerNotFound)
    t =   254.47s     Synthesize event
    t =   254.76s     Wait for com.apple.springboard to idle
    t =   255.34s Wait for com.cg.phi to become Running Foreground
    t =   255.34s Waiting 10.0s for "Continue" Button to exist
    t =   256.41s     Checking `Expect predicate `existsNoRetry == 1` for object "Continue" Button`
    t =   256.41s         Checking existence of `"Continue" Button`
    t =   256.44s         Capturing element debug description
    t =   257.39s     Checking `Expect predicate `existsNoRetry == 1` for object "Continue" Button`
    t =   257.39s         Checking existence of `"Continue" Button`
    t =   257.40s         Capturing element debug description
    t =   258.35s     Checking `Expect predicate `existsNoRetry == 1` for object "Continue" Button`
    t =   258.35s         Checking existence of `"Continue" Button`
    t =   258.36s         Capturing element debug description
    t =   259.42s     Checking `Expect predicate `existsNoRetry == 1` for object "Continue" Button`
    t =   259.42s         Checking existence of `"Continue" Button`
    t =   259.47s         Capturing element debug description
    t =   260.42s     Checking `Expect predicate `existsNoRetry == 1` for object "Continue" Button`
    t =   260.42s         Checking existence of `"Continue" Button`
    t =   260.47s         Capturing element debug description
    t =   261.43s     Checking `Expect predicate `existsNoRetry == 1` for object "Continue" Button`
    t =   261.43s         Checking existence of `"Continue" Button`
    t =   261.49s         Capturing element debug description
    t =   262.44s     Checking `Expect predicate `existsNoRetry == 1` for object "Continue" Button`
    t =   262.44s         Checking existence of `"Continue" Button`
    t =   262.50s         Capturing element debug description
    t =   263.36s     Checking `Expect predicate `existsNoRetry == 1` for object "Continue" Button`
    t =   263.36s         Checking existence of `"Continue" Button`
    t =   263.42s         Capturing element debug description
    t =   264.37s     Checking `Expect predicate `existsNoRetry == 1` for object "Continue" Button`
    t =   264.37s         Checking existence of `"Continue" Button`
    t =   264.43s         Capturing element debug description
    t =   265.35s     Checking `Expect predicate `existsNoRetry == 1` for object "Continue" Button`
    t =   265.35s         Checking existence of `"Continue" Button`
    t =   265.42s         Capturing element debug description
    t =   265.42s     Checking existence of `"Continue" Button`
    t =   265.45s Collecting debug information to assist test failure triage
    t =   265.45s     Requesting snapshot of accessibility hierarchy for app with pid 41259
    t =   265.51s Waiting 30.0s for TextField (First Match) to exist
    t =   266.57s     Checking `Expect predicate `existsNoRetry == 1` for object TextField (First Match)`
    t =   266.57s         Checking existence of `TextField (First Match)`
    t =   266.59s Find the TextField (First Match)
    t =   266.62s Find the Application 'com.cg.phi'
    t =   266.73s Added attachment named 'launch-icon-destination-1'
    t =   266.73s Pressing Home button
    t =   267.20s Waiting 10.0s for "X on Track" Icon to exist
    t =   268.25s     Checking `Expect predicate `existsNoRetry == 1` for object "X on Track" Icon`
    t =   268.25s         Checking existence of `"X on Track" Icon`
    t =   268.29s Ignoring failure to get hierarchy for remote element in process 27835 (Error getting main window kAXErrorServerNotFound)
    t =   268.29s Ignoring failure to get hierarchy for remote element in process 27835 (Error getting main window kAXErrorServerNotFound)
    t =   268.30s Find the "X on Track" Icon
    t =   268.32s Ignoring failure to get hierarchy for remote element in process 27835 (Error getting main window kAXErrorServerNotFound)
    t =   268.32s Ignoring failure to get hierarchy for remote element in process 27835 (Error getting main window kAXErrorServerNotFound)
    t =   268.33s Find the "X on Track" Icon
    t =   268.36s Ignoring failure to get hierarchy for remote element in process 27835 (Error getting main window kAXErrorServerNotFound)
    t =   268.36s Ignoring failure to get hierarchy for remote element in process 27835 (Error getting main window kAXErrorServerNotFound)
    t =   268.37s Press "X on Track" Icon for 1.5 seconds
    t =   268.37s     Wait for com.apple.springboard to idle
    t =   268.37s     Find the "X on Track" Icon
    t =   268.39s Ignoring failure to get hierarchy for remote element in process 27835 (Error getting main window kAXErrorServerNotFound)
    t =   268.39s Ignoring failure to get hierarchy for remote element in process 27835 (Error getting main window kAXErrorServerNotFound)
    t =   268.39s     Check for interrupting elements affecting "X on Track" Icon
    t =   268.42s Ignoring failure to get hierarchy for remote element in process 27835 (Error getting main window kAXErrorServerNotFound)
    t =   268.42s Ignoring failure to get hierarchy for remote element in process 27835 (Error getting main window kAXErrorServerNotFound)
    t =   268.42s     Synthesize event
    t =   270.14s     Wait for com.apple.springboard to idle
    t =   330.17s App animations complete notification not received, will attempt to continue.
    t =   330.18s Waiting 10.0s for Button (First Match) to exist
    t =   331.24s     Checking `Expect predicate `existsNoRetry == 1` for object Button (First Match)`
    t =   331.24s         Checking existence of `Button (First Match)`
    t =   331.30s Ignoring failure to get hierarchy for remote element in process 27835 (Error getting main window kAXErrorServerNotFound)
    t =   331.30s Ignoring failure to get hierarchy for remote element in process 27835 (Error getting main window kAXErrorServerNotFound)
    t =   331.31s Tap Button (First Match)
    t =   331.31s     Wait for com.apple.springboard to idle
    t =   391.34s App animations complete notification not received, will attempt to continue.
    t =   391.34s     Find the Button (First Match)
    t =   391.40s Ignoring failure to get hierarchy for remote element in process 27835 (Error getting main window kAXErrorServerNotFound)
    t =   391.40s Ignoring failure to get hierarchy for remote element in process 27835 (Error getting main window kAXErrorServerNotFound)
    t =   391.41s     Check for interrupting elements affecting "activity" Button
    t =   391.45s Ignoring failure to get hierarchy for remote element in process 27835 (Error getting main window kAXErrorServerNotFound)
    t =   391.45s Ignoring failure to get hierarchy for remote element in process 27835 (Error getting main window kAXErrorServerNotFound)
    t =   391.45s     Synthesize event
    t =   391.74s     Wait for com.apple.springboard to idle
    t =   392.31s Wait for com.cg.phi to become Running Foreground
    t =   392.31s Waiting 1.0s for "Continue" Button to exist
    t =   393.32s     Checking `Expect predicate `existsNoRetry == 1` for object "Continue" Button`
    t =   393.32s         Checking existence of `"Continue" Button`
    t =   393.40s         Capturing element debug description
    t =   393.40s     Checking existence of `"Continue" Button`
    t =   393.44s Collecting debug information to assist test failure triage
    t =   393.44s     Requesting snapshot of accessibility hierarchy for app with pid 41259
    t =   393.51s Waiting 20.0s for Other (First Match) to exist
    t =   394.56s     Checking `Expect predicate `existsNoRetry == 1` for object Other (First Match)`
    t =   394.56s         Checking existence of `Other (First Match)`
    t =   394.61s Find the Other (First Match)
    t =   394.65s Find the Application 'com.cg.phi'
    t =   394.75s Added attachment named 'launch-icon-destination-2'
    t =   394.75s Pressing Home button
    t =   395.22s Waiting 10.0s for "X on Track" Icon to exist
    t =   396.24s     Checking `Expect predicate `existsNoRetry == 1` for object "X on Track" Icon`
    t =   396.24s         Checking existence of `"X on Track" Icon`
    t =   396.28s Ignoring failure to get hierarchy for remote element in process 27835 (Error getting main window kAXErrorServerNotFound)
    t =   396.28s Ignoring failure to get hierarchy for remote element in process 27835 (Error getting main window kAXErrorServerNotFound)
    t =   396.28s Find the "X on Track" Icon
    t =   396.31s Ignoring failure to get hierarchy for remote element in process 27835 (Error getting main window kAXErrorServerNotFound)
    t =   396.31s Ignoring failure to get hierarchy for remote element in process 27835 (Error getting main window kAXErrorServerNotFound)
    t =   396.32s Find the "X on Track" Icon
    t =   396.34s Ignoring failure to get hierarchy for remote element in process 27835 (Error getting main window kAXErrorServerNotFound)
    t =   396.34s Ignoring failure to get hierarchy for remote element in process 27835 (Error getting main window kAXErrorServerNotFound)
    t =   396.35s Press "X on Track" Icon for 1.5 seconds
    t =   396.35s     Wait for com.apple.springboard to idle
    t =   396.35s     Find the "X on Track" Icon
    t =   396.37s Ignoring failure to get hierarchy for remote element in process 27835 (Error getting main window kAXErrorServerNotFound)
    t =   396.38s Ignoring failure to get hierarchy for remote element in process 27835 (Error getting main window kAXErrorServerNotFound)
    t =   396.38s     Check for interrupting elements affecting "X on Track" Icon
    t =   396.40s Ignoring failure to get hierarchy for remote element in process 27835 (Error getting main window kAXErrorServerNotFound)
    t =   396.40s Ignoring failure to get hierarchy for remote element in process 27835 (Error getting main window kAXErrorServerNotFound)
    t =   396.41s     Synthesize event
    t =   398.13s     Wait for com.apple.springboard to idle
    t =   458.17s App animations complete notification not received, will attempt to continue.
    t =   458.17s Waiting 10.0s for Button (First Match) to exist
    t =   459.22s     Checking `Expect predicate `existsNoRetry == 1` for object Button (First Match)`
    t =   459.22s         Checking existence of `Button (First Match)`
    t =   459.29s Ignoring failure to get hierarchy for remote element in process 27835 (Error getting main window kAXErrorServerNotFound)
    t =   459.29s Ignoring failure to get hierarchy for remote element in process 27835 (Error getting main window kAXErrorServerNotFound)
    t =   459.29s Tap Button (First Match)
    t =   459.29s     Wait for com.apple.springboard to idle
    t =   519.32s App animations complete notification not received, will attempt to continue.
    t =   519.32s     Find the Button (First Match)
    t =   519.38s Ignoring failure to get hierarchy for remote element in process 27835 (Error getting main window kAXErrorServerNotFound)
    t =   519.38s Ignoring failure to get hierarchy for remote element in process 27835 (Error getting main window kAXErrorServerNotFound)
    t =   519.39s     Check for interrupting elements affecting "measurements" Button
    t =   519.43s Ignoring failure to get hierarchy for remote element in process 27835 (Error getting main window kAXErrorServerNotFound)
    t =   519.43s Ignoring failure to get hierarchy for remote element in process 27835 (Error getting main window kAXErrorServerNotFound)
    t =   519.43s     Synthesize event
    t =   519.72s     Wait for com.apple.springboard to idle
    t =   520.30s Wait for com.cg.phi to become Running Foreground
    t =   520.30s Waiting 1.0s for "Continue" Button to exist
    t =   521.31s     Checking `Expect predicate `existsNoRetry == 1` for object "Continue" Button`
    t =   521.31s         Checking existence of `"Continue" Button`
    t =   521.41s         Capturing element debug description
    t =   521.41s     Checking existence of `"Continue" Button`
    t =   521.47s Collecting debug information to assist test failure triage
    t =   521.47s     Requesting snapshot of accessibility hierarchy for app with pid 41259
    t =   521.57s Waiting 20.0s for StaticText (First Match) to exist
    t =   522.62s     Checking `Expect predicate `existsNoRetry == 1` for object StaticText (First Match)`
    t =   522.62s         Checking existence of `StaticText (First Match)`
    t =   522.66s Find the Application 'com.cg.phi'
    t =   522.80s Added attachment named 'launch-icon-destination-3'
    t =   522.80s Tear Down
Test Case '-[DashboardReview.DashboardReview testLaunchIconActions]' passed (522.930 seconds).
Test Suite 'DashboardReview' passed at 2026-09-26 19:43:09.088.
	 Executed 1 test, with 0 failures (0 unexpected) in 522.930 (522.931) seconds
Test Suite 'DashboardReview.xctest' passed at 2026-09-26 19:43:09.088.
	 Executed 1 test, with 0 failures (0 unexpected) in 522.930 (522.932) seconds
Test Suite 'Selected tests' passed at 2026-09-26 19:43:09.089.
	 Executed 1 test, with 0 failures (0 unexpected) in 522.930 (522.933) seconds
2026-09-26 19:43:09.383 xcodebuild[9777:79538768] [MT] IDETestOperationsObserverDebug: 524.701 elapsed -- Testing started completed.
2026-09-26 19:43:09.383 xcodebuild[9777:79538768] [MT] IDETestOperationsObserverDebug: 0.000 sec, +0.000 sec -- start
2026-09-26 19:43:09.383 xcodebuild[9777:79538768] [MT] IDETestOperationsObserverDebug: 524.701 sec, +524.701 sec -- end

Test session results, code coverage, and logs:
	/tmp/xot-launch-icon-review-v6/390-de-dark.xcresult

** TEST SUCCEEDED **

Testing started
